[    7683ms] [ERROR] Failed to load resource: the server responded with a status of 500 (Internal Server Error) @ http://localhost:3011/:0
[    8199ms] [INFO] %cDownload the React DevTools for a better development experience: https://reactjs.org/link/react-devtools font-weight:bold @ webpack-internal:///./node_modules/react-dom/cjs/react-dom.development.js:29889
[    8323ms] TypeError: __webpack_modules__[moduleId] is not a function
    at Object.__webpack_require__ [as require] (file://C:\Users\Ce_Pc\Desktop\afaq\frontend\.next\server\webpack-runtime.js:33:42)
    at require (file://C:\Users\Ce_Pc\Desktop\afaq\frontend\node_modules\next\dist\compiled\next-server\app-page.runtime.dev.js:40:20064)
    at <unknown> (file://C:\Users\Ce_Pc\Desktop\afaq\frontend\node_modules\next\dist\compiled\next-server\app-page.runtime.dev.js:35:108376)
    at ea (file://C:\Users\Ce_Pc\Desktop\afaq\frontend\node_modules\next\dist\compiled\next-server\app-page.runtime.dev.js:35:108583)
    at <unknown> (file://C:\Users\Ce_Pc\Desktop\afaq\frontend\node_modules\next\dist\compiled\next-server\app-page.runtime.dev.js:35:110813)
    at Object._fromJSON (file://C:\Users\Ce_Pc\Desktop\afaq\frontend\node_modules\next\dist\compiled\next-server\app-page.runtime.dev.js:35:111370)
    at JSON.parse (<anonymous>)
    at ec (file://C:\Users\Ce_Pc\Desktop\afaq\frontend\node_modules\next\dist\compiled\next-server\app-page.runtime.dev.js:35:109078)
    at eo (file://C:\Users\Ce_Pc\Desktop\afaq\frontend\node_modules\next\dist\compiled\next-server\app-page.runtime.dev.js:35:108123)
    at <unknown> (file://C:\Users\Ce_Pc\Desktop\afaq\frontend\node_modules\next\dist\compiled\next-server\app-page.runtime.dev.js:35:115291)
    at <unknown> (file://C:\Users\Ce_Pc\Desktop\afaq\frontend\node_modules\next\dist\compiled\next-server\app-page.runtime.dev.js:35:115308)
    at <unknown> (file://C:\Users\Ce_Pc\Desktop\afaq\frontend\node_modules\next\dist\compiled\next-server\app-page.runtime.dev.js:35:115341)
    at <unknown> (file://C:\Users\Ce_Pc\Desktop\afaq\frontend\node_modules\next\dist\compiled\next-server\app-page.runtime.dev.js:35:115358)
    at t (file://C:\Users\Ce_Pc\Desktop\afaq\frontend\node_modules\next\dist\compiled\next-server\app-page.runtime.dev.js:35:115581)
[    8299ms] [LOG] [HMR] connected @ webpack-internal:///./node_modules/next/dist/client/components/react-dev-overlay/pages/websocket.js:38
[    9007ms] [ERROR] Failed to load resource: the server responded with a status of 500 (Internal Server Error) @ http://localhost:3011/favicon.ico:0
[   27499ms] [ERROR] Failed to load resource: the server responded with a status of 404 (Not Found) @ http://localhost:3011/_next/static/css/app/%5Blocale%5D/layout.css?v=1791334500931:0
[   27584ms] [ERROR] Failed to load resource: the server responded with a status of 404 (Not Found) @ http://localhost:3011/_next/static/chunks/main-app.js?v=1791334500931:0
[   27584ms] [ERROR] Failed to load resource: the server responded with a status of 404 (Not Found) @ http://localhost:3011/_next/static/chunks/app-pages-internals.js:0
[   27584ms] [ERROR] Failed to load resource: the server responded with a status of 404 (Not Found) @ http://localhost:3011/_next/static/chunks/app/%5Blocale%5D/(site)/page.js:0
[   27585ms] [ERROR] Failed to load resource: the server responded with a status of 404 (Not Found) @ http://localhost:3011/_next/static/chunks/app/%5Blocale%5D/(site)/layout.js:0
[   27697ms] [ERROR] Failed to load resource: the server responded with a status of 500 (Internal Server Error) @ http://localhost:3011/favicon.ico:0
